

================================================================
== Vivado HLS Report for 'gf31_nrand'
================================================================
* Date:           Fri May 15 09:40:08 2020

* Version:        2019.2 (Build 2704478 on Wed Nov 06 22:10:23 MST 2019)
* Project:        mqdss_48.prj
* Solution:       keypair
* Product family: artix7
* Target device:  xc7a200t-fbg676-2


================================================================
== Performance Estimates
================================================================
+ Timing: 
    * Summary: 
    +--------+----------+----------+------------+
    |  Clock |  Target  | Estimated| Uncertainty|
    +--------+----------+----------+------------+
    |ap_clk  | 10.00 ns | 6.812 ns |   1.25 ns  |
    +--------+----------+----------+------------+

+ Latency: 
    * Summary: 
    +---------+---------+----------+----------+-----+-----+---------+
    |  Latency (cycles) |  Latency (absolute) |  Interval | Pipeline|
    |   min   |   max   |    min   |    max   | min | max |   Type  |
    +---------+---------+----------+----------+-----+-----+---------+
    |        ?|        ?|         ?|         ?|    ?|    ?|   none  |
    +---------+---------+----------+----------+-----+-----+---------+

    + Detail: 
        * Instance: 
        +---------------------------------+----------------------+---------+---------+----------+----------+-----+-----+---------+
        |                                 |                      |  Latency (cycles) |  Latency (absolute) |  Interval | Pipeline|
        |             Instance            |        Module        |   min   |   max   |    min   |    max   | min | max |   Type  |
        +---------------------------------+----------------------+---------+---------+----------+----------+-----+-----+---------+
        |grp_keccak_squeezeblocks_fu_118  |keccak_squeezeblocks  |      112|      112| 1.120 us | 1.120 us |  112|  112|   none  |
        |grp_keccak_absorb_1_fu_126       |keccak_absorb_1       |      464|      464| 4.640 us | 4.640 us |  464|  464|   none  |
        +---------------------------------+----------------------+---------+---------+----------+----------+-----+-----+---------+

        * Loop: 
        +----------------------+---------+---------+----------+-----------+-----------+------+----------+
        |                      |  Latency (cycles) | Iteration|  Initiation Interval  | Trip |          |
        |       Loop Name      |   min   |   max   |  Latency |  achieved |   target  | Count| Pipelined|
        +----------------------+---------+---------+----------+-----------+-----------+------+----------+
        |- memset_shakestate   |       24|       24|         1|          -|          -|    25|    no    |
        |- gf31_nrand_label1   |        ?|        ?|         ?|          -|          -|     ?|    no    |
        | + gf31_nrand_label0  |        ?|        ?|         2|          -|          -|     ?|    no    |
        +----------------------+---------+---------+----------+-----------+-----------+------+----------+



================================================================
== Utilization Estimates
================================================================
* Summary: 
+-----------------+---------+-------+--------+--------+-----+
|       Name      | BRAM_18K| DSP48E|   FF   |   LUT  | URAM|
+-----------------+---------+-------+--------+--------+-----+
|DSP              |        -|      -|       -|       -|    -|
|Expression       |        -|      -|       0|     153|    -|
|FIFO             |        -|      -|       -|       -|    -|
|Instance         |        3|      -|    3327|   17901|    0|
|Memory           |        5|      -|       0|       0|    0|
|Multiplexer      |        -|      -|       -|     230|    -|
|Register         |        -|      -|     143|       -|    -|
+-----------------+---------+-------+--------+--------+-----+
|Total            |        8|      0|    3470|   18284|    0|
+-----------------+---------+-------+--------+--------+-----+
|Available        |      730|    740|  269200|  134600|    0|
+-----------------+---------+-------+--------+--------+-----+
|Utilization (%)  |        1|      0|       1|      13|    0|
+-----------------+---------+-------+--------+--------+-----+

+ Detail: 
    * Instance: 
    +---------------------------------+----------------------+---------+-------+------+-------+-----+
    |             Instance            |        Module        | BRAM_18K| DSP48E|  FF  |  LUT  | URAM|
    +---------------------------------+----------------------+---------+-------+------+-------+-----+
    |grp_keccak_absorb_1_fu_126       |keccak_absorb_1       |        1|      0|   127|    640|    0|
    |grp_keccak_squeezeblocks_fu_118  |keccak_squeezeblocks  |        2|      0|  3200|  17261|    0|
    +---------------------------------+----------------------+---------+-------+------+-------+-----+
    |Total                            |                      |        3|      0|  3327|  17901|    0|
    +---------------------------------+----------------------+---------+-------+------+-------+-----+

    * DSP48E: 
    N/A

    * Memory: 
    +-----------------+----------------------+---------+---+----+-----+------+-----+------+-------------+
    |      Memory     |        Module        | BRAM_18K| FF| LUT| URAM| Words| Bits| Banks| W*Bits*Banks|
    +-----------------+----------------------+---------+---+----+-----+------+-----+------+-------------+
    |shakestate_U     |gf31_nrand_schar_g8j  |        4|  0|   0|    0|    25|   64|     1|         1600|
    |output_assign_U  |gf31_nrand_schar_hbi  |        1|  0|   0|    0|   136|    8|     1|         1088|
    +-----------------+----------------------+---------+---+----+-----+------+-----+------+-------------+
    |Total            |                      |        5|  0|   0|    0|   161|   72|     2|         2688|
    +-----------------+----------------------+---------+---+----+-----+------+-----+------+-------------+

    * FIFO: 
    N/A

    * Expression: 
    +-----------------------+----------+-------+---+----+------------+------------+
    |     Variable Name     | Operation| DSP48E| FF| LUT| Bitwidth P0| Bitwidth P1|
    +-----------------------+----------+-------+---+----+------------+------------+
    |add_ln54_fu_142_p2     |     +    |      0|  0|  15|           5|           1|
    |i_fu_202_p2            |     +    |      0|  0|  39|          32|           1|
    |j_fu_176_p2            |     +    |      0|  0|  39|          32|           1|
    |and_ln61_fu_170_p2     |    and   |      0|  0|   2|           1|           1|
    |grp_fu_136_p2          |   icmp   |      0|  0|  18|          32|           6|
    |icmp_ln54_fu_153_p2    |   icmp   |      0|  0|  11|           5|           5|
    |icmp_ln61_1_fu_164_p2  |   icmp   |      0|  0|  18|          32|           8|
    |icmp_ln62_fu_192_p2    |   icmp   |      0|  0|  11|           5|           2|
    +-----------------------+----------+-------+---+----+------------+------------+
    |Total                  |          |      0|  0| 153|         144|          25|
    +-----------------------+----------+-------+---+----+------------+------------+

    * Multiplexer: 
    +------------------------+----+-----------+-----+-----------+
    |          Name          | LUT| Input Size| Bits| Total Bits|
    +------------------------+----+-----------+-----+-----------+
    |ap_NS_fsm               |  44|          9|    1|          9|
    |i_11_fu_54              |   9|          2|   32|         64|
    |j_0_reg_107             |   9|          2|   32|         64|
    |output_assign_address0  |  15|          3|    8|         24|
    |output_assign_ce0       |  15|          3|    1|          3|
    |output_assign_ce1       |   9|          2|    1|          2|
    |output_assign_we0       |   9|          2|    1|          2|
    |output_assign_we1       |   9|          2|    1|          2|
    |phi_ln54_reg_96         |   9|          2|    5|         10|
    |shakestate_address0     |  21|          4|    5|         20|
    |shakestate_ce0          |  21|          4|    1|          4|
    |shakestate_ce1          |   9|          2|    1|          2|
    |shakestate_d0           |  21|          4|   64|        256|
    |shakestate_we0          |  21|          4|    1|          4|
    |shakestate_we1          |   9|          2|    1|          2|
    +------------------------+----+-----------+-----+-----------+
    |Total                   | 230|         47|  155|        468|
    +------------------------+----+-----------+-----+-----------+

    * Register: 
    +----------------------------------------------+----+----+-----+-----------+
    |                     Name                     | FF | LUT| Bits| Const Bits|
    +----------------------------------------------+----+----+-----+-----------+
    |ap_CS_fsm                                     |   8|   0|    8|          0|
    |grp_keccak_absorb_1_fu_126_ap_start_reg       |   1|   0|    1|          0|
    |grp_keccak_squeezeblocks_fu_118_ap_start_reg  |   1|   0|    1|          0|
    |i_11_fu_54                                    |  32|   0|   32|          0|
    |i_11_load_1_reg_230                           |  32|   0|   32|          0|
    |j_0_reg_107                                   |  32|   0|   32|          0|
    |j_reg_239                                     |  32|   0|   32|          0|
    |phi_ln54_reg_96                               |   5|   0|    5|          0|
    +----------------------------------------------+----+----+-----+-----------+
    |Total                                         | 143|   0|  143|          0|
    +----------------------------------------------+----+----+-----+-----------+



================================================================
== Interface
================================================================
* Summary: 
+----------------+-----+-----+------------+--------------+--------------+
|    RTL Ports   | Dir | Bits|  Protocol  | Source Object|    C Type    |
+----------------+-----+-----+------------+--------------+--------------+
|ap_clk          |  in |    1| ap_ctrl_hs |  gf31_nrand  | return value |
|ap_rst          |  in |    1| ap_ctrl_hs |  gf31_nrand  | return value |
|ap_start        |  in |    1| ap_ctrl_hs |  gf31_nrand  | return value |
|ap_done         | out |    1| ap_ctrl_hs |  gf31_nrand  | return value |
|ap_idle         | out |    1| ap_ctrl_hs |  gf31_nrand  | return value |
|ap_ready        | out |    1| ap_ctrl_hs |  gf31_nrand  | return value |
|out_r_address0  | out |    6|  ap_memory |     out_r    |     array    |
|out_r_ce0       | out |    1|  ap_memory |     out_r    |     array    |
|out_r_we0       | out |    1|  ap_memory |     out_r    |     array    |
|out_r_d0        | out |    5|  ap_memory |     out_r    |     array    |
|seed_address0   | out |    5|  ap_memory |     seed     |     array    |
|seed_ce0        | out |    1|  ap_memory |     seed     |     array    |
|seed_q0         |  in |    8|  ap_memory |     seed     |     array    |
+----------------+-----+-----+------------+--------------+--------------+

