

================================================================
== Vivado HLS Report for 'MQ'
================================================================
* Date:           Fri May 15 09:40:10 2020

* Version:        2019.2 (Build 2704478 on Wed Nov 06 22:10:23 MST 2019)
* Project:        mqdss_48.prj
* Solution:       keypair
* Product family: artix7
* Target device:  xc7a200t-fbg676-2


================================================================
== Performance Estimates
================================================================
+ Timing: 
    * Summary: 
    +--------+----------+----------+------------+
    |  Clock |  Target  | Estimated| Uncertainty|
    +--------+----------+----------+------------+
    |ap_clk  | 10.00 ns | 7.910 ns |   1.25 ns  |
    +--------+----------+----------+------------+

+ Latency: 
    * Summary: 
    +---------+---------+----------+----------+--------+--------+---------+
    |  Latency (cycles) |  Latency (absolute) |     Interval    | Pipeline|
    |   min   |   max   |    min   |    max   |   min  |   max  |   Type  |
    +---------+---------+----------+----------+--------+--------+---------+
    |   119684|   126452| 1.197 ms | 1.265 ms |  119684|  126452|   none  |
    +---------+---------+----------+----------+--------+--------+---------+

    + Detail: 
        * Instance: 
        +---------------------------------+----------------------+---------+---------+----------+-----------+-----+------+---------+
        |                                 |                      |  Latency (cycles) |  Latency (absolute)  |  Interval  | Pipeline|
        |             Instance            |        Module        |   min   |   max   |    min   |    max    | min |  max |   Type  |
        +---------------------------------+----------------------+---------+---------+----------+-----------+-----+------+---------+
        |grp_generate_quadratic_t_fu_338  |generate_quadratic_t  |      241|     7009| 2.410 us | 70.090 us |  241|  7009|   none  |
        +---------------------------------+----------------------+---------+---------+----------+-----------+-----+------+---------+

        * Loop: 
        +--------------+---------+---------+----------+-----------+-----------+------+----------+
        |              |  Latency (cycles) | Iteration|  Initiation Interval  | Trip |          |
        |   Loop Name  |   min   |   max   |  Latency |  achieved |   target  | Count| Pipelined|
        +--------------+---------+---------+----------+-----------+-----------+------+----------+
        |- memset_r    |       47|       47|         1|          -|          -|    48|    no    |
        |- MQ_label28  |     4680|     4680|       195|          -|          -|    24|    no    |
        | + MQ_label0  |      192|      192|         4|          -|          -|    48|    no    |
        |- Loop 3      |   114660|   114660|       195|          -|          -|   588|    no    |
        | + MQ_label1  |      192|      192|         4|          -|          -|    48|    no    |
        |- MQ_label29  |       50|       50|         4|          1|          1|    48|    yes   |
        +--------------+---------+---------+----------+-----------+-----------+------+----------+



================================================================
== Utilization Estimates
================================================================
* Summary: 
+-----------------+---------+-------+--------+--------+-----+
|       Name      | BRAM_18K| DSP48E|   FF   |   LUT  | URAM|
+-----------------+---------+-------+--------+--------+-----+
|DSP              |        -|      2|       -|       -|    -|
|Expression       |        -|      0|       0|     676|    -|
|FIFO             |        -|      -|       -|       -|    -|
|Instance         |        -|      0|      83|     294|    -|
|Memory           |        2|      -|       0|       0|    0|
|Multiplexer      |        -|      -|       -|     358|    -|
|Register         |        0|      -|     338|      64|    -|
+-----------------+---------+-------+--------+--------+-----+
|Total            |        2|      2|     421|    1392|    0|
+-----------------+---------+-------+--------+--------+-----+
|Available        |      730|    740|  269200|  134600|    0|
+-----------------+---------+-------+--------+--------+-----+
|Utilization (%)  |    ~0   |   ~0  |   ~0   |       1|    0|
+-----------------+---------+-------+--------+--------+-----+

+ Detail: 
    * Instance: 
    +---------------------------------+----------------------+---------+-------+----+-----+-----+
    |             Instance            |        Module        | BRAM_18K| DSP48E| FF | LUT | URAM|
    +---------------------------------+----------------------+---------+-------+----+-----+-----+
    |grp_generate_quadratic_t_fu_338  |generate_quadratic_t  |        0|      0|  83|  294|    0|
    +---------------------------------+----------------------+---------+-------+----+-----+-----+
    |Total                            |                      |        0|      0|  83|  294|    0|
    +---------------------------------+----------------------+---------+-------+----+-----+-----+

    * DSP48E: 
    +--------------------------+----------------------+--------------+
    |         Instance         |        Module        |  Expression  |
    +--------------------------+----------------------+--------------+
    |crypto_sign_keypakbM_U86  |crypto_sign_keypakbM  | i0 + i1 * i2 |
    |crypto_sign_keypalbW_U87  |crypto_sign_keypalbW  | i0 + i1 * i2 |
    +--------------------------+----------------------+--------------+

    * Memory: 
    +---------+----------+---------+---+----+-----+------+-----+------+-------------+
    |  Memory |  Module  | BRAM_18K| FF| LUT| URAM| Words| Bits| Banks| W*Bits*Banks|
    +---------+----------+---------+---+----+-----+------+-----+------+-------------+
    |p_xij_U  |MQ_p_xij  |        1|  0|   0|    0|  1176|    6|     1|         7056|
    |r_U      |MQ_r      |        1|  0|   0|    0|    48|   32|     1|         1536|
    +---------+----------+---------+---+----+-----+------+-----+------+-------------+
    |Total    |          |        2|  0|   0|    0|  1224|   38|     2|         8592|
    +---------+----------+---------+---+----+-----+------+-----+------+-------------+

    * FIFO: 
    N/A

    * Expression: 
    +-------------------------+----------+-------+---+----+------------+------------+
    |      Variable Name      | Operation| DSP48E| FF| LUT| Bitwidth P0| Bitwidth P1|
    +-------------------------+----------+-------+---+----+------------+------------+
    |mul_ln46_fu_486_p2       |     *    |      0|  0|  17|           5|           5|
    |mul_ln53_1_fu_634_p2     |     *    |      0|  0|  25|           5|           6|
    |add_ln10_2_fu_732_p2     |     +    |      0|  0|  17|          10|          10|
    |add_ln10_fu_726_p2       |     +    |      0|  0|  22|          15|          15|
    |add_ln18_1_fu_801_p2     |     +    |      0|  0|   8|           6|           6|
    |add_ln18_2_fu_807_p2     |     +    |      0|  0|   8|           5|           5|
    |add_ln18_fu_811_p2       |     +    |      0|  0|   8|           6|           6|
    |add_ln20_fu_821_p2       |     +    |      0|  0|   8|           5|           5|
    |add_ln22_1_fu_847_p2     |     +    |      0|  0|   8|           5|           5|
    |add_ln22_2_fu_852_p2     |     +    |      0|  0|  15|           5|           5|
    |add_ln22_fu_856_p2       |     +    |      0|  0|   8|           5|           5|
    |add_ln23_2_fu_890_p2     |     +    |      0|  0|   8|           5|           5|
    |add_ln23_fu_884_p2       |     +    |      0|  0|   8|           5|           5|
    |add_ln40_fu_350_p2       |     +    |      0|  0|  15|           6|           1|
    |add_ln46_2_fu_506_p2     |     +    |      0|  0|  39|          32|          32|
    |add_ln46_fu_451_p2       |     +    |      0|  0|  20|          13|          13|
    |add_ln53_2_fu_654_p2     |     +    |      0|  0|  39|          32|          32|
    |add_ln53_fu_599_p2       |     +    |      0|  0|  25|          18|          18|
    |add_ln59_fu_720_p2       |     +    |      0|  0|  23|          16|          16|
    |i_15_fu_624_p2           |     +    |      0|  0|  18|          11|           2|
    |i_16_fu_667_p2           |     +    |      0|  0|  15|           6|           1|
    |i_fu_476_p2              |     +    |      0|  0|  15|           6|           2|
    |j_2_fu_579_p2            |     +    |      0|  0|  15|           6|           1|
    |j_fu_433_p2              |     +    |      0|  0|  15|           6|           1|
    |t_4_fu_827_p2            |     +    |      0|  0|  15|           7|           7|
    |t_5_fu_866_p2            |     +    |      0|  0|  15|           6|           6|
    |t_6_fu_901_p2            |     +    |      0|  0|  15|           6|           6|
    |t_fu_752_p2              |     +    |      0|  0|  15|           5|           5|
    |sub_ln46_fu_413_p2       |     -    |      0|  0|  20|          13|          13|
    |sub_ln53_fu_559_p2       |     -    |      0|  0|  25|          18|          18|
    |and_ln24_fu_921_p2       |    and   |      0|  0|   6|           6|           6|
    |icmp_ln24_fu_907_p2      |   icmp   |      0|  0|  11|           6|           5|
    |icmp_ln40_fu_361_p2      |   icmp   |      0|  0|  11|           6|           6|
    |icmp_ln44_fu_367_p2      |   icmp   |      0|  0|  11|           6|           6|
    |icmp_ln45_fu_427_p2      |   icmp   |      0|  0|  11|           6|           6|
    |icmp_ln51_fu_513_p2      |   icmp   |      0|  0|  13|          11|          11|
    |icmp_ln52_fu_573_p2      |   icmp   |      0|  0|  11|           6|           6|
    |icmp_ln58_fu_661_p2      |   icmp   |      0|  0|  11|           6|           6|
    |or_ln46_1_fu_465_p2      |    or    |      0|  0|  32|          32|           1|
    |or_ln46_fu_378_p2        |    or    |      0|  0|   6|           6|           1|
    |or_ln53_1_fu_613_p2      |    or    |      0|  0|  32|          32|           1|
    |or_ln53_fu_524_p2        |    or    |      0|  0|  11|          11|           1|
    |select_ln24_fu_913_p3    |  select  |      0|  0|   2|           1|           2|
    |ap_enable_pp0            |    xor   |      0|  0|   2|           1|           2|
    |ap_enable_reg_pp0_iter1  |    xor   |      0|  0|   2|           2|           1|
    +-------------------------+----------+-------+---+----+------------+------------+
    |Total                    |          |      0|  0| 676|         427|         318|
    +-------------------------+----------+-------+---+----+------------+------------+

    * Multiplexer: 
    +-------------------------+----+-----------+-----+-----------+
    |           Name          | LUT| Input Size| Bits| Total Bits|
    +-------------------------+----+-----------+-----+-----------+
    |F_address0               |  15|          3|   16|         48|
    |F_address1               |  15|          3|   16|         48|
    |ap_NS_fsm                |  89|         18|    1|         18|
    |ap_enable_reg_pp0_iter1  |   9|          2|    1|          2|
    |ap_enable_reg_pp0_iter3  |   9|          2|    1|          2|
    |i_0_reg_279              |   9|          2|    6|         12|
    |i_1_reg_303              |   9|          2|   11|         22|
    |i_2_reg_327              |   9|          2|    6|         12|
    |j_0_reg_291              |   9|          2|    6|         12|
    |j_1_reg_315              |   9|          2|    6|         12|
    |p_xij_address0           |  15|          3|   11|         33|
    |p_xij_ce0                |  15|          3|    1|          3|
    |p_xij_we0                |   9|          2|    1|          2|
    |phi_ln40_reg_268         |   9|          2|    6|         12|
    |r_address0               |  38|          7|    6|         42|
    |r_d0                     |  21|          4|   32|        128|
    |reg_345                  |   9|          2|    5|         10|
    |x_address0               |  15|          3|    6|         18|
    |x_address1               |  15|          3|    6|         18|
    |x_ce0                    |  15|          3|    1|          3|
    |x_ce1                    |  15|          3|    1|          3|
    +-------------------------+----+-----------+-----+-----------+
    |Total                    | 358|         73|  146|        460|
    +-------------------------+----+-----------+-----+-----------+

    * Register: 
    +----------------------------------------------+----+----+-----+-----------+
    |                     Name                     | FF | LUT| Bits| Const Bits|
    +----------------------------------------------+----+----+-----+-----------+
    |add_ln23_2_reg_1138                           |   5|   0|    5|          0|
    |add_ln46_1_reg_1015                           |  11|   0|   11|          0|
    |add_ln53_1_reg_1082                           |  12|   0|   12|          0|
    |ap_CS_fsm                                     |  17|   0|   17|          0|
    |ap_enable_reg_pp0_iter0                       |   1|   0|    1|          0|
    |ap_enable_reg_pp0_iter1                       |   1|   0|    1|          0|
    |ap_enable_reg_pp0_iter2                       |   1|   0|    1|          0|
    |ap_enable_reg_pp0_iter3                       |   1|   0|    1|          0|
    |grp_generate_quadratic_t_fu_338_ap_start_reg  |   1|   0|    1|          0|
    |i_0_reg_279                                   |   6|   0|    6|          0|
    |i_1_reg_303                                   |  11|   0|   11|          0|
    |i_2_reg_327                                   |   6|   0|    6|          0|
    |icmp_ln58_reg_1087                            |   1|   0|    1|          0|
    |j_0_reg_291                                   |   6|   0|    6|          0|
    |j_1_reg_315                                   |   6|   0|    6|          0|
    |j_2_reg_1052                                  |   6|   0|    6|          0|
    |j_reg_985                                     |   6|   0|    6|          0|
    |mul_ln46_reg_1005                             |  10|   0|   10|          0|
    |mul_ln53_1_reg_1072                           |  11|   0|   11|          0|
    |phi_ln40_reg_268                              |   6|   0|    6|          0|
    |r_addr_1_reg_1010                             |   6|   0|    6|          0|
    |r_addr_2_reg_1077                             |   6|   0|    6|          0|
    |reg_345                                       |   5|   0|    5|          0|
    |sub_ln46_reg_967                              |   9|   0|   13|          4|
    |sub_ln53_reg_1034                             |  14|   0|   18|          4|
    |t_reg_1106                                    |   5|   0|    5|          0|
    |tmp_23_reg_1133                               |   1|   0|    1|          0|
    |tmp_reg_1127                                  |   1|   0|    1|          0|
    |trunc_ln3_reg_1113                            |   5|   0|    5|          0|
    |trunc_ln4_reg_1120                            |   5|   0|    5|          0|
    |zext_ln45_reg_977                             |   5|   0|   10|          5|
    |zext_ln46_7_reg_972                           |   5|   0|   10|          5|
    |zext_ln52_reg_1044                            |   6|   0|   11|          5|
    |zext_ln53_7_reg_1039                          |   6|   0|   11|          5|
    |zext_ln59_reg_1096                            |   6|   0|   64|         58|
    |icmp_ln58_reg_1087                            |  64|  32|    1|          0|
    |zext_ln59_reg_1096                            |  64|  32|   64|         58|
    +----------------------------------------------+----+----+-----+-----------+
    |Total                                         | 338|  64|  361|        144|
    +----------------------------------------------+----+----+-----+-----------+



================================================================
== Interface
================================================================
* Summary: 
+-------------+-----+-----+------------+--------------+--------------+
|  RTL Ports  | Dir | Bits|  Protocol  | Source Object|    C Type    |
+-------------+-----+-----+------------+--------------+--------------+
|ap_clk       |  in |    1| ap_ctrl_hs |      MQ      | return value |
|ap_rst       |  in |    1| ap_ctrl_hs |      MQ      | return value |
|ap_start     |  in |    1| ap_ctrl_hs |      MQ      | return value |
|ap_done      | out |    1| ap_ctrl_hs |      MQ      | return value |
|ap_idle      | out |    1| ap_ctrl_hs |      MQ      | return value |
|ap_ready     | out |    1| ap_ctrl_hs |      MQ      | return value |
|fx_address0  | out |    6|  ap_memory |      fx      |     array    |
|fx_ce0       | out |    1|  ap_memory |      fx      |     array    |
|fx_we0       | out |    1|  ap_memory |      fx      |     array    |
|fx_d0        | out |   16|  ap_memory |      fx      |     array    |
|x_address0   | out |    6|  ap_memory |       x      |     array    |
|x_ce0        | out |    1|  ap_memory |       x      |     array    |
|x_q0         |  in |    5|  ap_memory |       x      |     array    |
|x_address1   | out |    6|  ap_memory |       x      |     array    |
|x_ce1        | out |    1|  ap_memory |       x      |     array    |
|x_q1         |  in |    5|  ap_memory |       x      |     array    |
|F_address0   | out |   16|  ap_memory |       F      |     array    |
|F_ce0        | out |    1|  ap_memory |       F      |     array    |
|F_q0         |  in |    5|  ap_memory |       F      |     array    |
|F_address1   | out |   16|  ap_memory |       F      |     array    |
|F_ce1        | out |    1|  ap_memory |       F      |     array    |
|F_q1         |  in |    5|  ap_memory |       F      |     array    |
+-------------+-----+-----+------------+--------------+--------------+

