

================================================================
== Vivado HLS Report for 'randombytes'
================================================================
* Date:           Fri May 15 09:40:00 2020

* Version:        2019.2 (Build 2704478 on Wed Nov 06 22:10:23 MST 2019)
* Project:        mqdss_48.prj
* Solution:       keypair
* Product family: artix7
* Target device:  xc7a200t-fbg676-2


================================================================
== Performance Estimates
================================================================
+ Timing: 
    * Summary: 
    +--------+----------+----------+------------+
    |  Clock |  Target  | Estimated| Uncertainty|
    +--------+----------+----------+------------+
    |ap_clk  | 10.00 ns | 7.424 ns |   1.25 ns  |
    +--------+----------+----------+------------+

+ Latency: 
    * Summary: 
    +---------+---------+----------+----------+-----+-----+---------+
    |  Latency (cycles) |  Latency (absolute) |  Interval | Pipeline|
    |   min   |   max   |    min   |    max   | min | max |   Type  |
    +---------+---------+----------+----------+-----+-----+---------+
    |        ?|        ?|         ?|         ?|    ?|    ?|   none  |
    +---------+---------+----------+----------+-----+-----+---------+

    + Detail: 
        * Instance: 
        +---------------------------------+----------------------+---------+---------+-----------+-----------+------+------+---------+
        |                                 |                      |  Latency (cycles) |   Latency (absolute)  |   Interval  | Pipeline|
        |             Instance            |        Module        |   min   |   max   |    min    |    max    |  min |  max |   Type  |
        +---------------------------------+----------------------+---------+---------+-----------+-----------+------+------+---------+
        |grp_AES256_CTR_DRBG_Upda_fu_404  |AES256_CTR_DRBG_Upda  |     2229|     2325| 22.290 us | 23.250 us |  2229|  2325|   none  |
        |grp_Cipher_fu_416                |Cipher                |      357|      357|  3.570 us |  3.570 us |   357|   357|   none  |
        |grp_KeyExpansion_fu_441          |KeyExpansion          |      332|      332|  3.320 us |  3.320 us |   332|   332|   none  |
        +---------------------------------+----------------------+---------+---------+-----------+-----------+------+------+---------+

        * Loop: 
        +------------------------+---------+---------+-----------+-----------+-----------+--------+----------+
        |                        |  Latency (cycles) | Iteration |  Initiation Interval  |  Trip  |          |
        |        Loop Name       |   min   |   max   |  Latency  |  achieved |   target  |  Count | Pipelined|
        +------------------------+---------+---------+-----------+-----------+-----------+--------+----------+
        |- sign_label1           |        ?|        ?| 714 ~ 761 |          -|          -|       ?|    no    |
        | + randombytes_label10  |        3|       33|          2|          2|          1| 1 ~ 16 |    yes   |
        | + randombytes_label11  |       16|       16|          2|          1|          1|      16|    yes   |
        | + randombytes_label12  |        0|       15|          2|          1|          1| 0 ~ 15 |    yes   |
        +------------------------+---------+---------+-----------+-----------+-----------+--------+----------+



================================================================
== Utilization Estimates
================================================================
* Summary: 
+-----------------+---------+-------+--------+--------+-----+
|       Name      | BRAM_18K| DSP48E|   FF   |   LUT  | URAM|
+-----------------+---------+-------+--------+--------+-----+
|DSP              |        -|      -|       -|       -|    -|
|Expression       |        -|      -|       0|     402|    -|
|FIFO             |        -|      -|       -|       -|    -|
|Instance         |       20|      -|    2141|    6069|    0|
|Memory           |        2|      -|       0|       0|    0|
|Multiplexer      |        -|      -|       -|     771|    -|
|Register         |        -|      -|     465|       -|    -|
+-----------------+---------+-------+--------+--------+-----+
|Total            |       22|      0|    2606|    7242|    0|
+-----------------+---------+-------+--------+--------+-----+
|Available        |      730|    740|  269200|  134600|    0|
+-----------------+---------+-------+--------+--------+-----+
|Utilization (%)  |        3|      0|   ~0   |       5|    0|
+-----------------+---------+-------+--------+--------+-----+

+ Detail: 
    * Instance: 
    +---------------------------------+----------------------+---------+-------+------+------+-----+
    |             Instance            |        Module        | BRAM_18K| DSP48E|  FF  |  LUT | URAM|
    +---------------------------------+----------------------+---------+-------+------+------+-----+
    |grp_AES256_CTR_DRBG_Upda_fu_404  |AES256_CTR_DRBG_Upda  |       11|      0|  1226|  3419|    0|
    |grp_Cipher_fu_416                |Cipher                |        8|      0|   800|  2012|    0|
    |grp_KeyExpansion_fu_441          |KeyExpansion          |        1|      0|   115|   638|    0|
    +---------------------------------+----------------------+---------+-------+------+------+-----+
    |Total                            |                      |       20|      0|  2141|  6069|    0|
    +---------------------------------+----------------------+---------+-------+------+------+-----+

    * DSP48E: 
    N/A

    * Memory: 
    +-----------------+----------------------+---------+---+----+-----+------+-----+------+-------------+
    |      Memory     |        Module        | BRAM_18K| FF| LUT| URAM| Words| Bits| Banks| W*Bits*Banks|
    +-----------------+----------------------+---------+---+----+-----+------+-----+------+-------------+
    |buffer_assign_U  |randombytes_buffeeOg  |        1|  0|   0|    0|    16|    8|     1|          128|
    |ctx_RoundKey_U   |randombytes_ctx_RdEe  |        1|  0|   0|    0|   240|    8|     1|         1920|
    +-----------------+----------------------+---------+---+----+-----+------+-----+------+-------------+
    |Total            |                      |        2|  0|   0|    0|   256|   16|     2|         2048|
    +-----------------+----------------------+---------+---+----+-----+------+-----+------+-------------+

    * FIFO: 
    N/A

    * Expression: 
    +-------------------------+----------+-------+---+----+------------+------------+
    |      Variable Name      | Operation| DSP48E| FF| LUT| Bitwidth P0| Bitwidth P1|
    +-------------------------+----------+-------+---+----+------------+------------+
    |add_ln237_fu_504_p2      |     +    |      0|  0|  15|           8|           1|
    |add_ln255_fu_613_p2      |     +    |      0|  0|  39|          32|          32|
    |add_ln257_fu_630_p2      |     +    |      0|  0|  71|          64|           6|
    |add_ln262_fu_670_p2      |     +    |      0|  0|  39|          32|          32|
    |add_ln268_fu_685_p2      |     +    |      0|  0|  39|          32|           1|
    |i_fu_624_p2              |     +    |      0|  0|  39|          32|           5|
    |j_fu_498_p2              |     +    |      0|  0|  15|           5|           2|
    |loop_1_fu_598_p2         |     +    |      0|  0|  15|           5|           1|
    |loop_fu_660_p2           |     +    |      0|  0|  13|           4|           1|
    |icmp_ln231_fu_473_p2     |   icmp   |      0|  0|  29|          64|           1|
    |icmp_ln234_fu_492_p2     |   icmp   |      0|  0|  11|           8|           2|
    |icmp_ln251_fu_586_p2     |   icmp   |      0|  0|  29|          60|           1|
    |icmp_ln254_fu_592_p2     |   icmp   |      0|  0|  11|           5|           6|
    |icmp_ln261_fu_655_p2     |   icmp   |      0|  0|  29|          64|          64|
    |ap_enable_pp1            |    xor   |      0|  0|   2|           1|           2|
    |ap_enable_pp2            |    xor   |      0|  0|   2|           1|           2|
    |ap_enable_reg_pp1_iter1  |    xor   |      0|  0|   2|           2|           1|
    |ap_enable_reg_pp2_iter1  |    xor   |      0|  0|   2|           2|           1|
    +-------------------------+----------+-------+---+----+------------+------------+
    |Total                    |          |      0|  0| 402|         421|         161|
    +-------------------------+----------+-------+---+----+------------+------------+

    * Multiplexer: 
    +----------------------------------+-----+-----------+-----+-----------+
    |               Name               | LUT | Input Size| Bits| Total Bits|
    +----------------------------------+-----+-----------+-----+-----------+
    |DRBG_ctx_Key_address0             |   15|          3|    5|         15|
    |DRBG_ctx_Key_address1             |   15|          3|    5|         15|
    |DRBG_ctx_Key_ce0                  |   15|          3|    1|          3|
    |DRBG_ctx_Key_ce1                  |   15|          3|    1|          3|
    |DRBG_ctx_Key_we0                  |    9|          2|    1|          2|
    |DRBG_ctx_V_address0               |   53|         12|    4|         48|
    |DRBG_ctx_V_address1               |   47|         10|    4|         40|
    |DRBG_ctx_V_ce0                    |   15|          3|    1|          3|
    |DRBG_ctx_V_ce1                    |   15|          3|    1|          3|
    |DRBG_ctx_V_d0                     |   21|          4|    8|         32|
    |DRBG_ctx_V_we0                    |   15|          3|    1|          3|
    |DRBG_ctx_V_we1                    |    9|          2|    1|          2|
    |DRBG_ctx_reseed_counter_o         |    9|          2|   32|         64|
    |ap_NS_fsm                         |  129|         28|    1|         28|
    |ap_enable_reg_pp1_iter1           |   15|          3|    1|          3|
    |ap_enable_reg_pp2_iter1           |   15|          3|    1|          3|
    |ap_phi_mux_loop1_0_phi_fu_396_p4  |    9|          2|    4|          8|
    |ap_phi_mux_loop_0_phi_fu_384_p4   |    9|          2|    5|         10|
    |buffer_assign_address0            |   47|         10|    4|         40|
    |buffer_assign_address1            |   47|         10|    4|         40|
    |buffer_assign_d0                  |   44|          9|    8|         72|
    |buffer_assign_d1                  |   44|          9|    8|         72|
    |ctx_RoundKey_address0             |   15|          3|    8|         24|
    |ctx_RoundKey_address1             |   15|          3|    8|         24|
    |ctx_RoundKey_ce0                  |   15|          3|    1|          3|
    |ctx_RoundKey_ce1                  |   15|          3|    1|          3|
    |ctx_RoundKey_we0                  |    9|          2|    1|          2|
    |ctx_RoundKey_we1                  |    9|          2|    1|          2|
    |i_1_fu_148                        |    9|          2|   32|         64|
    |j_0_reg_368                       |    9|          2|    5|         10|
    |loop1_0_reg_392                   |    9|          2|    4|          8|
    |loop_0_reg_380                    |    9|          2|    5|         10|
    |p_0_fu_144                        |   15|          3|   64|        192|
    |x_address0                        |   15|          3|    4|         12|
    |x_d0                              |   15|          3|    8|         24|
    +----------------------------------+-----+-----------+-----+-----------+
    |Total                             |  771|        162|  243|        887|
    +----------------------------------+-----+-----------+-----+-----------+

    * Register: 
    +----------------------------------------------+----+----+-----+-----------+
    |                     Name                     | FF | LUT| Bits| Const Bits|
    +----------------------------------------------+----+----+-----+-----------+
    |DRBG_ctx_V_addr_reg_807                       |   4|   0|    4|          0|
    |ap_CS_fsm                                     |  27|   0|   27|          0|
    |ap_enable_reg_pp1_iter0                       |   1|   0|    1|          0|
    |ap_enable_reg_pp1_iter1                       |   1|   0|    1|          0|
    |ap_enable_reg_pp2_iter0                       |   1|   0|    1|          0|
    |ap_enable_reg_pp2_iter1                       |   1|   0|    1|          0|
    |grp_AES256_CTR_DRBG_Upda_fu_404_ap_start_reg  |   1|   0|    1|          0|
    |grp_Cipher_fu_416_ap_start_reg                |   1|   0|    1|          0|
    |grp_KeyExpansion_fu_441_ap_start_reg          |   1|   0|    1|          0|
    |i_1_fu_148                                    |  32|   0|   32|          0|
    |icmp_ln251_reg_965                            |   1|   0|    1|          0|
    |icmp_ln254_reg_969                            |   1|   0|    1|          0|
    |icmp_ln261_reg_983                            |   1|   0|    1|          0|
    |j_0_reg_368                                   |   5|   0|    5|          0|
    |loop1_0_reg_392                               |   4|   0|    4|          0|
    |loop_0_reg_380                                |   5|   0|    5|          0|
    |loop_1_reg_973                                |   5|   0|    5|          0|
    |loop_reg_987                                  |   4|   0|    4|          0|
    |p_0_fu_144                                    |  64|   0|   64|          0|
    |p_0_load_reg_792                              |  64|   0|   64|          0|
    |reg_455                                       |   8|   0|    8|          0|
    |test_0_1_1_reg_820                            |   8|   0|    8|          0|
    |test_0_2_1_reg_825                            |   8|   0|    8|          0|
    |test_0_2_reg_895                              |   8|   0|    8|          0|
    |test_0_3_1_reg_830                            |   8|   0|    8|          0|
    |test_0_3_reg_900                              |   8|   0|    8|          0|
    |test_1_0_1_reg_835                            |   8|   0|    8|          0|
    |test_1_0_reg_905                              |   8|   0|    8|          0|
    |test_1_1_1_reg_840                            |   8|   0|    8|          0|
    |test_1_1_reg_910                              |   8|   0|    8|          0|
    |test_1_2_1_reg_845                            |   8|   0|    8|          0|
    |test_1_2_reg_915                              |   8|   0|    8|          0|
    |test_1_3_1_reg_850                            |   8|   0|    8|          0|
    |test_1_3_reg_920                              |   8|   0|    8|          0|
    |test_2_0_1_reg_855                            |   8|   0|    8|          0|
    |test_2_0_reg_925                              |   8|   0|    8|          0|
    |test_2_1_1_reg_860                            |   8|   0|    8|          0|
    |test_2_1_reg_930                              |   8|   0|    8|          0|
    |test_2_2_1_reg_865                            |   8|   0|    8|          0|
    |test_2_2_reg_935                              |   8|   0|    8|          0|
    |test_2_3_1_reg_870                            |   8|   0|    8|          0|
    |test_2_3_reg_940                              |   8|   0|    8|          0|
    |test_3_0_1_reg_875                            |   8|   0|    8|          0|
    |test_3_0_reg_945                              |   8|   0|    8|          0|
    |test_3_1_1_reg_880                            |   8|   0|    8|          0|
    |test_3_1_reg_950                              |   8|   0|    8|          0|
    |test_3_2_1_reg_885                            |   8|   0|    8|          0|
    |test_3_2_reg_955                              |   8|   0|    8|          0|
    |test_3_3_1_reg_890                            |   8|   0|    8|          0|
    |test_3_3_reg_960                              |   8|   0|    8|          0|
    |tmp_4_reg_803                                 |   1|   0|    1|          0|
    +----------------------------------------------+----+----+-----+-----------+
    |Total                                         | 465|   0|  465|          0|
    +----------------------------------------------+----+----+-----+-----------+



================================================================
== Interface
================================================================
* Summary: 
+----------------------------------+-----+-----+------------+-------------------------+--------------+
|             RTL Ports            | Dir | Bits|  Protocol  |      Source Object      |    C Type    |
+----------------------------------+-----+-----+------------+-------------------------+--------------+
|ap_clk                            |  in |    1| ap_ctrl_hs |       randombytes       | return value |
|ap_rst                            |  in |    1| ap_ctrl_hs |       randombytes       | return value |
|ap_start                          |  in |    1| ap_ctrl_hs |       randombytes       | return value |
|ap_done                           | out |    1| ap_ctrl_hs |       randombytes       | return value |
|ap_idle                           | out |    1| ap_ctrl_hs |       randombytes       | return value |
|ap_ready                          | out |    1| ap_ctrl_hs |       randombytes       | return value |
|x_address0                        | out |    4|  ap_memory |            x            |     array    |
|x_ce0                             | out |    1|  ap_memory |            x            |     array    |
|x_we0                             | out |    1|  ap_memory |            x            |     array    |
|x_d0                              | out |    8|  ap_memory |            x            |     array    |
|DRBG_ctx_V_address0               | out |    4|  ap_memory |        DRBG_ctx_V       |     array    |
|DRBG_ctx_V_ce0                    | out |    1|  ap_memory |        DRBG_ctx_V       |     array    |
|DRBG_ctx_V_we0                    | out |    1|  ap_memory |        DRBG_ctx_V       |     array    |
|DRBG_ctx_V_d0                     | out |    8|  ap_memory |        DRBG_ctx_V       |     array    |
|DRBG_ctx_V_q0                     |  in |    8|  ap_memory |        DRBG_ctx_V       |     array    |
|DRBG_ctx_V_address1               | out |    4|  ap_memory |        DRBG_ctx_V       |     array    |
|DRBG_ctx_V_ce1                    | out |    1|  ap_memory |        DRBG_ctx_V       |     array    |
|DRBG_ctx_V_we1                    | out |    1|  ap_memory |        DRBG_ctx_V       |     array    |
|DRBG_ctx_V_d1                     | out |    8|  ap_memory |        DRBG_ctx_V       |     array    |
|DRBG_ctx_V_q1                     |  in |    8|  ap_memory |        DRBG_ctx_V       |     array    |
|DRBG_ctx_Key_address0             | out |    5|  ap_memory |       DRBG_ctx_Key      |     array    |
|DRBG_ctx_Key_ce0                  | out |    1|  ap_memory |       DRBG_ctx_Key      |     array    |
|DRBG_ctx_Key_we0                  | out |    1|  ap_memory |       DRBG_ctx_Key      |     array    |
|DRBG_ctx_Key_d0                   | out |    8|  ap_memory |       DRBG_ctx_Key      |     array    |
|DRBG_ctx_Key_q0                   |  in |    8|  ap_memory |       DRBG_ctx_Key      |     array    |
|DRBG_ctx_Key_address1             | out |    5|  ap_memory |       DRBG_ctx_Key      |     array    |
|DRBG_ctx_Key_ce1                  | out |    1|  ap_memory |       DRBG_ctx_Key      |     array    |
|DRBG_ctx_Key_q1                   |  in |    8|  ap_memory |       DRBG_ctx_Key      |     array    |
|DRBG_ctx_reseed_counter_i         |  in |   32|   ap_ovld  | DRBG_ctx_reseed_counter |    pointer   |
|DRBG_ctx_reseed_counter_o         | out |   32|   ap_ovld  | DRBG_ctx_reseed_counter |    pointer   |
|DRBG_ctx_reseed_counter_o_ap_vld  | out |    1|   ap_ovld  | DRBG_ctx_reseed_counter |    pointer   |
+----------------------------------+-----+-----+------------+-------------------------+--------------+

